/usr/local/lib/python3.11/dist-packages/torch/_subclasses/functional_tensor.py:307: UserWarning: Failed to initialize NumPy: No module named 'numpy' (Triggered internally at /pytorch/torch/csrc/utils/tensor_numpy.cpp:84.)
  cpu = _conversion_method_template(device=torch.device("cpu"))
=== seq16 ===
model params: 939,839
vocab=65, seq_len=16, embed=32, state=128, depth=4
bottleneck: 128 floats vs 96.4 bits per window
majority baseline val acc: 0.148
epoch   1 | train_loss 3.3865 acc 0.145 | val_loss 3.3109 acc 0.155 | 7s
epoch   5 | train_loss 3.0438 acc 0.193 | val_loss 2.9935 acc 0.209 | 32s
epoch  10 | train_loss 2.4630 acc 0.319 | val_loss 2.4761 acc 0.327 | 67s
epoch  15 | train_loss 1.8131 acc 0.476 | val_loss 1.9504 acc 0.447 | 100s
epoch  20 | train_loss 0.9990 acc 0.691 | val_loss 1.2297 acc 0.636 | 129s
epoch  25 | train_loss 0.4535 acc 0.856 | val_loss 0.8262 acc 0.759 | 158s
epoch  30 | train_loss 0.2250 acc 0.929 | val_loss 0.7345 acc 0.805 | 186s

reconstruction samples (val, unseen):
  [11/16]  "rth, I'll make y"  ->  'cat, Iowl make y'
  [14/16]  "all hearts i' th"  ->  'all hearus if th'
  [14/16]  "\nMy father's of "  ->  "\nOy aather's of "
  [14/16]  'how beastly she '  ->  'hor befstly she '

=== seq32 ===
model params: 940,351
vocab=65, seq_len=32, embed=32, state=128, depth=4
bottleneck: 128 floats vs 192.7 bits per window
majority baseline val acc: 0.149
epoch   1 | train_loss 3.4016 acc 0.146 | val_loss 3.3596 acc 0.149 | 11s
epoch   5 | train_loss 3.1966 acc 0.186 | val_loss 3.1881 acc 0.194 | 51s
epoch  10 | train_loss 2.6778 acc 0.292 | val_loss 2.6743 acc 0.299 | 102s
epoch  15 | train_loss 2.1734 acc 0.405 | val_loss 2.2006 acc 0.404 | 153s
epoch  20 | train_loss 1.7985 acc 0.497 | val_loss 1.8938 acc 0.484 | 199s
epoch  25 | train_loss 1.5542 acc 0.558 | val_loss 1.6906 acc 0.526 | 247s
epoch  30 | train_loss 1.3465 acc 0.607 | val_loss 1.5888 acc 0.558 | 296s

reconstruction samples (val, unseen):
  [20/32]  't is not, when you say it is not'  ->  't      thete y tou sas it is not'
  [17/32]  'n me in what I have to say:\nYour'  ->  'ne  s de d s s tove to sac:\nYour'
  [16/32]  ' wants\nFor to supply the places '  ->  'orees\n.\n r seor spls the places '
  [20/32]  "' said you? you make me study of"  ->  ' ase   e ns s s make me study of'

=== seq64 ===
model params: 941,375
vocab=65, seq_len=64, embed=32, state=128, depth=4
bottleneck: 128 floats vs 385.4 bits per window
majority baseline val acc: 0.150
epoch   1 | train_loss 3.3649 acc 0.148 | val_loss 3.3555 acc 0.150 | 18s
epoch   5 | train_loss 3.2958 acc 0.157 | val_loss 3.3554 acc 0.147 | 85s
epoch  10 | train_loss 3.2895 acc 0.156 | val_loss 3.3225 acc 0.155 | 171s
epoch  15 | train_loss 3.2416 acc 0.168 | val_loss 3.2901 acc 0.164 | 237s
epoch  20 | train_loss 3.2294 acc 0.170 | val_loss 3.2963 acc 0.163 | 304s
epoch  25 | train_loss 3.1927 acc 0.175 | val_loss 3.2541 acc 0.173 | 373s
epoch  30 | train_loss 3.1561 acc 0.181 | val_loss 3.2817 acc 0.172 | 438s

reconstruction samples (val, unseen):
  [12/64]  "then like reeds, not hair,--\nWas the first man that leap'd; crie"  ->  'n                                                            tie'
  [11/64]  'wish mine eyes\nWould, with themselves, shut up my thoughts: I fi'  ->  't                                                           e Wi'
  [12/64]  ', sir; but you will curse your\nwooing. Neighbour, this is a gift'  ->  's                                                             at'
  [11/64]  ': in sooth you scape not so.\n\nKATHARINA:\nI chafe you, if I tarry'  ->  '\n\n\n                                                         e ly'

=== seq128 ===
model params: 943,423
vocab=65, seq_len=128, embed=32, state=128, depth=4
bottleneck: 128 floats vs 770.9 bits per window
majority baseline val acc: 0.149
epoch   1 | train_loss 3.3662 acc 0.147 | val_loss 3.3753 acc 0.148 | 38s
epoch   5 | train_loss 3.3105 acc 0.153 | val_loss 3.3530 acc 0.149 | 185s
epoch  10 | train_loss 3.3059 acc 0.154 | val_loss 3.3496 acc 0.150 | 324s
epoch  15 | train_loss 3.2920 acc 0.157 | val_loss 3.3405 acc 0.152 | 461s
epoch  20 | train_loss 3.2827 acc 0.158 | val_loss 3.3335 acc 0.154 | 598s
epoch  25 | train_loss 3.2760 acc 0.159 | val_loss 3.3358 acc 0.155 | 770s
epoch  30 | train_loss 3.2623 acc 0.161 | val_loss 3.3273 acc 0.157 | 985s

reconstruction samples (val, unseen):
  [22/128]  " for this night, we'll fast for company:\nCome, I will bring thee to thy bridal chamber.\n\nNATHANIEL:\nPeter, didst ever see the li"  ->  ' to                                                                                                                           ti'
  [20/128]  'd not fallen flat-long.\n\nGONZALO:\nYou are gentlemen of brave metal; you would lift\nthe moon out of her sphere, if she would cont'  ->  ' n                                                                                                                             t'
  [23/128]  "rse than I, upon some agreement\nMe shall you find ready and willing\nWith one consent to have her so bestow'd;\nFor curious I cann"  ->  're                                                                                                                           e n'
  [24/128]  "she chance to nod I'll rail and brawl\nAnd with the clamour keep her still awake.\nThis is a way to kill a wife with kindness;\nAnd"  ->  'e                                                                                                                              d'


=== SUMMARY ===
 seq_len     params  train_acc    val_acc   time_s
      16    939,839      0.929      0.805      186
      32    940,351      0.607      0.558      296
      64    941,375      0.181      0.173      438
     128    943,423      0.161      0.157      985
