/usr/local/lib/python3.11/dist-packages/torch/_subclasses/functional_tensor.py:307: UserWarning: Failed to initialize NumPy: No module named 'numpy' (Triggered internally at /pytorch/torch/csrc/utils/tensor_numpy.cpp:84.)
  cpu = _conversion_method_template(device=torch.device("cpu"))

=== baseline (full rewrite) ===
=== tree_baseline ===
model: TreeLMv2, params: 387,364
vocab=65, seq_len=64, state=128
random baseline BPC: 6.022
epoch   1 | train BPC 3.381 acc 0.347 | val BPC 2.929 acc 0.408 | 18s
epoch   5 | train BPC 2.184 acc 0.538 | val BPC 2.560 acc 0.485 | 88s
epoch  10 | train BPC 1.924 acc 0.583 | val BPC 2.579 acc 0.494 | 174s
epoch  15 | train BPC 1.746 acc 0.616 | val BPC 2.709 acc 0.487 | 261s
epoch  20 | train BPC 1.588 acc 0.648 | val BPC 2.908 acc 0.475 | 348s
epoch  25 | train BPC 1.454 acc 0.676 | val BPC 3.116 acc 0.466 | 435s
epoch  30 | train BPC 1.344 acc 0.699 | val BPC 3.319 acc 0.460 | 522s

--- generated continuation (200 chars from seed) ---
ROMEO:
FRIAR LAURENCE:
Come, I pray thee, good busined forth,
I have devotion with me.
I desire you to be give your mispoletitor,
And strip and
the best of the divil that I will not hence from thee and wilde
--- end ---

=== residual (state + delta) ===
=== tree_residual ===
model: TreeLMv2Residual, params: 387,364
vocab=65, seq_len=64, state=128
random baseline BPC: 6.022
epoch   1 | train BPC 3.971 acc 0.254 | val BPC 3.264 acc 0.355 | 18s
epoch   5 | train BPC 2.407 acc 0.497 | val BPC 2.694 acc 0.453 | 86s
epoch  10 | train BPC 2.085 acc 0.553 | val BPC 2.590 acc 0.482 | 172s
epoch  15 | train BPC 1.888 acc 0.588 | val BPC 2.640 acc 0.486 | 259s
epoch  20 | train BPC 1.724 acc 0.620 | val BPC 2.780 acc 0.480 | 346s
epoch  25 | train BPC 1.589 acc 0.648 | val BPC 2.975 acc 0.469 | 433s
epoch  30 | train BPC 1.462 acc 0.675 | val BPC 3.166 acc 0.463 | 520s

--- generated continuation (200 chars from seed) ---
ROMEO:
BRUTUS:
Even chind this provost, forth, or shepherd's name?
I was fold my son thy belling words?
And but for him to my uncle this
rergurans on him.

Son:
Ill shake, her hearth. Ioll speak to be;
If wh
--- end ---

=== gated (GRU-style) ===
=== tree_gated ===
model: TreeLMv2Gated, params: 412,068
vocab=65, seq_len=64, state=128
random baseline BPC: 6.022
epoch   1 | train BPC 3.820 acc 0.281 | val BPC 3.122 acc 0.374 | 19s
epoch   5 | train BPC 2.196 acc 0.537 | val BPC 2.551 acc 0.486 | 94s
epoch  10 | train BPC 1.873 acc 0.594 | val BPC 2.587 acc 0.494 | 188s
epoch  15 | train BPC 1.664 acc 0.635 | val BPC 2.783 acc 0.481 | 283s
epoch  20 | train BPC 1.497 acc 0.668 | val BPC 2.977 acc 0.469 | 378s
epoch  25 | train BPC 1.371 acc 0.694 | val BPC 3.194 acc 0.464 | 472s
epoch  30 | train BPC 1.259 acc 0.719 | val BPC 3.425 acc 0.454 | 565s

--- generated continuation (200 chars from seed) ---
ROMEO:
JARTINS:
I cannot to God, brother,
And then, you blest with his head, I know me thy lady unwinding complaints
Harry, and not of home, for your virtues have twenty and no tearnes.

POMPEY:
Why, come, h
--- end ---

=== identity-leaf ===
=== tree_idleaf ===
model: TreeLMv2IdLeaf, params: 362,660
vocab=65, seq_len=64, state=128
random baseline BPC: 6.022
epoch   1 | train BPC 3.588 acc 0.316 | val BPC 3.033 acc 0.384 | 17s
epoch   5 | train BPC 2.245 acc 0.526 | val BPC 2.616 acc 0.473 | 88s
epoch  10 | train BPC 1.973 acc 0.574 | val BPC 2.566 acc 0.492 | 176s
epoch  15 | train BPC 1.794 acc 0.607 | val BPC 2.699 acc 0.485 | 263s
epoch  20 | train BPC 1.646 acc 0.636 | val BPC 2.859 acc 0.471 | 350s
epoch  25 | train BPC 1.515 acc 0.664 | val BPC 3.030 acc 0.470 | 436s
epoch  30 | train BPC 1.404 acc 0.686 | val BPC 3.263 acc 0.456 | 523s

--- generated continuation (200 chars from seed) ---
ROMEO:
JULIET:
Well, when you come on these which of
ment. O Lord Marcius he in the hour.

HENRY PERCY:
Sir, tremity to fight with cuits his possi's worth hatch;
Made young mother so shall not be decorns:
Pe
--- end ---

=== LSTMLMv2 reference ===
=== lstm_v2 ===
model: LSTMLMv2, params: 275,169
vocab=65, seq_len=64, state=128
random baseline BPC: 6.022
epoch   1 | train BPC 3.673 acc 0.299 | val BPC 3.156 acc 0.365 | 11s
epoch   5 | train BPC 2.365 acc 0.505 | val BPC 2.648 acc 0.466 | 56s
epoch  10 | train BPC 2.078 acc 0.555 | val BPC 2.574 acc 0.490 | 111s
epoch  15 | train BPC 1.926 acc 0.581 | val BPC 2.600 acc 0.497 | 166s
epoch  20 | train BPC 1.804 acc 0.604 | val BPC 2.671 acc 0.497 | 223s
epoch  25 | train BPC 1.697 acc 0.625 | val BPC 2.790 acc 0.493 | 281s
epoch  30 | train BPC 1.597 acc 0.644 | val BPC 2.965 acc 0.484 | 336s

--- generated continuation (200 chars from seed) ---
ROMEO:
JULIET:
We must be used thy son and change.

SICINIUS:
True each was an emble.

BRUTUS:
How is, that your prison!

ANGELO:
Why, farewell.

Both Mestinuence, then I said, then less this age it;
And pen
--- end ---

=== SUMMARY ===
variant                            params    val_bpc    val_acc  final_vbpc
baseline (full rewrite)           387,364      2.560      0.494           -
residual (state + delta)          387,364      2.590      0.486           -
gated (GRU-style)                 412,068      2.551      0.494           -
identity-leaf                     362,660      2.566      0.492           -
LSTMLMv2 reference                275,169      2.574      0.497           -
